// Jest Snapshot v1, https://goo.gl/fbAQLP

exports[`Test for login component Should contain 1`] = `
<div
  className="box-section"
>
  <NavBar />
  <section>
    <div
      className="box-container"
    >
      <div
        className="innerbox-container"
      >
        <div
          className="form"
        >
          <h2>
            Login to your account
          </h2>
          <form
            id="user-login"
            onSubmit={[Function]}
          >
            <div>
              <p
                className=""
              >
                Email
              </p>
              <input
                className="textbox"
                id="email"
                onChange={[Function]}
                placeholder="Enter email here..."
                required={true}
                type="email"
                value=""
              />
            </div>
            <div>
              <p
                className=""
              >
                Password
              </p>
              <input
                className="textbox"
                id="password"
                onChange={[Function]}
                placeholder="Enter password here..."
                required={true}
                type="password"
                value=""
              />
            </div>
            <p>
              <a
                className=""
                href="forgotpassword.html"
              >
                forgot password?
              </a>
            </p>
            <br />
            <div
              className=""
            >
              <button
                className="btn blue-bg-colour white-text"
                id="submit-login"
                type="submit"
              >
                Login
              </button>
            </div>
            <span
              id="error"
            />
            <br />
            <div
              className=""
            >
              <Link
                className=""
                replace={false}
                to="/signup"
              >
                Don't have an account? Sign Up
              </Link>
            </div>
            <br />
          </form>
        </div>
      </div>
    </div>
  </section>
  <Footer />
</div>
`;
