// Jest Snapshot v1, https://goo.gl/fbAQLP

exports[`Test for login component Should contain 1`] = `
<div
  className="box-section"
>
  <NavBar />
  <section>
    <div
      className="box-container"
    >
      <div
        className="innerbox-container"
      >
        <div
          className="form"
        >
          <h2>
            Create an account
          </h2>
          <form
            id="user-Signup"
            onSubmit={[Function]}
          >
            <div>
              <p
                className="red-text text-center"
              />
              <p
                className=""
              >
                Full name
              </p>
              <input
                className="textbox"
                id="full-name"
                onChange={[Function]}
                placeholder="Enter full name here..."
                required={true}
                type="text"
              />
            </div>
            <div>
              <p
                className=""
              >
                Username
              </p>
              <input
                autoComplete="false"
                className="textbox"
                id="username"
                onChange={[Function]}
                placeholder="Enter username here..."
                required={true}
                type="text"
              />
            </div>
            <div>
              <p
                className=""
              >
                Email
              </p>
              <input
                className="textbox"
                id="email"
                onChange={[Function]}
                placeholder="Enter email here..."
                required={true}
                type="email"
              />
            </div>
            <div>
              <p
                className=""
              >
                Password
              </p>
              <input
                className="textbox"
                id="password"
                onChange={[Function]}
                onKeyUp={[Function]}
                placeholder="Enter password here..."
                required={true}
                type="password"
              />
            </div>
            <div>
              <p
                className=""
              >
                Confirm Password
              </p>
              <input
                className="textbox"
                id="password-match"
                onChange={[Function]}
                onKeyUp={[Function]}
                placeholder="Enter password again..."
                required={true}
                type="password"
              />
            </div>
            <br />
            <div
              className=""
            >
              <button
                className="btn blue-bg-colour white-text"
                id="submit-signup"
                type="submit"
              >
                Sign up
              </button>
              <Link
                className="secondary-text-color"
                replace={false}
                to="/login"
              >
                Already have an account? Login
              </Link>
            </div>
          </form>
        </div>
      </div>
    </div>
  </section>
  <Footer />
</div>
`;
